   1               		.file	"host.c"
   2               	__SP_H__ = 0x3e
   3               	__SP_L__ = 0x3d
   4               	__SREG__ = 0x3f
   5               	__tmp_reg__ = 0
   6               	__zero_reg__ = 1
   7               		.text
   8               	.Ltext0:
   9               		.cfi_sections	.debug_frame
  10               		.section	.text.host_set_driver,"ax",@progbits
  11               	.global	host_set_driver
  13               	host_set_driver:
  14               	.LFB100:
  15               		.file 1 "../tmk_core/common/host.c"
   1:../tmk_core/common/host.c **** /*
   2:../tmk_core/common/host.c **** Copyright 2011,2012 Jun Wako <wakojun@gmail.com>
   3:../tmk_core/common/host.c **** 
   4:../tmk_core/common/host.c **** This program is free software: you can redistribute it and/or modify
   5:../tmk_core/common/host.c **** it under the terms of the GNU General Public License as published by
   6:../tmk_core/common/host.c **** the Free Software Foundation, either version 2 of the License, or
   7:../tmk_core/common/host.c **** (at your option) any later version.
   8:../tmk_core/common/host.c **** 
   9:../tmk_core/common/host.c **** This program is distributed in the hope that it will be useful,
  10:../tmk_core/common/host.c **** but WITHOUT ANY WARRANTY; without even the implied warranty of
  11:../tmk_core/common/host.c **** MERCHANTABILITY or FITNESS FOR A PARTICULAR PURPOSE.  See the
  12:../tmk_core/common/host.c **** GNU General Public License for more details.
  13:../tmk_core/common/host.c **** 
  14:../tmk_core/common/host.c **** You should have received a copy of the GNU General Public License
  15:../tmk_core/common/host.c **** along with this program.  If not, see <http://www.gnu.org/licenses/>.
  16:../tmk_core/common/host.c **** */
  17:../tmk_core/common/host.c **** 
  18:../tmk_core/common/host.c **** #include <stdint.h>
  19:../tmk_core/common/host.c **** //#include <avr/interrupt.h>
  20:../tmk_core/common/host.c **** #include "keycode.h"
  21:../tmk_core/common/host.c **** #include "host.h"
  22:../tmk_core/common/host.c **** #include "util.h"
  23:../tmk_core/common/host.c **** #include "debug.h"
  24:../tmk_core/common/host.c **** 
  25:../tmk_core/common/host.c **** 
  26:../tmk_core/common/host.c **** #ifdef NKRO_ENABLE
  27:../tmk_core/common/host.c **** bool keyboard_nkro = true;
  28:../tmk_core/common/host.c **** #endif
  29:../tmk_core/common/host.c **** 
  30:../tmk_core/common/host.c **** static host_driver_t *driver;
  31:../tmk_core/common/host.c **** static uint16_t last_system_report = 0;
  32:../tmk_core/common/host.c **** static uint16_t last_consumer_report = 0;
  33:../tmk_core/common/host.c **** 
  34:../tmk_core/common/host.c **** 
  35:../tmk_core/common/host.c **** void host_set_driver(host_driver_t *d)
  36:../tmk_core/common/host.c **** {
  16               		.loc 1 36 0
  17               		.cfi_startproc
  18               	.LVL0:
  19               	/* prologue: function */
  20               	/* frame size = 0 */
  21               	/* stack size = 0 */
  22               	.L__stack_usage = 0
  37:../tmk_core/common/host.c ****     driver = d;
  23               		.loc 1 37 0
  24 0000 9093 0000 		sts driver+1,r25
  25 0004 8093 0000 		sts driver,r24
  26 0008 0895      		ret
  27               		.cfi_endproc
  28               	.LFE100:
  30               		.section	.text.host_get_driver,"ax",@progbits
  31               	.global	host_get_driver
  33               	host_get_driver:
  34               	.LFB101:
  38:../tmk_core/common/host.c **** }
  39:../tmk_core/common/host.c **** 
  40:../tmk_core/common/host.c **** host_driver_t *host_get_driver(void)
  41:../tmk_core/common/host.c **** {
  35               		.loc 1 41 0
  36               		.cfi_startproc
  37               	/* prologue: function */
  38               	/* frame size = 0 */
  39               	/* stack size = 0 */
  40               	.L__stack_usage = 0
  42:../tmk_core/common/host.c ****     return driver;
  43:../tmk_core/common/host.c **** }
  41               		.loc 1 43 0
  42 0000 8091 0000 		lds r24,driver
  43 0004 9091 0000 		lds r25,driver+1
  44 0008 0895      		ret
  45               		.cfi_endproc
  46               	.LFE101:
  48               		.section	.text.host_keyboard_leds,"ax",@progbits
  49               	.global	host_keyboard_leds
  51               	host_keyboard_leds:
  52               	.LFB102:
  44:../tmk_core/common/host.c **** 
  45:../tmk_core/common/host.c **** uint8_t host_keyboard_leds(void)
  46:../tmk_core/common/host.c **** {
  53               		.loc 1 46 0
  54               		.cfi_startproc
  55               	/* prologue: function */
  56               	/* frame size = 0 */
  57               	/* stack size = 0 */
  58               	.L__stack_usage = 0
  47:../tmk_core/common/host.c ****     if (!driver) return 0;
  59               		.loc 1 47 0
  60 0000 E091 0000 		lds r30,driver
  61 0004 F091 0000 		lds r31,driver+1
  62 0008 3097      		sbiw r30,0
  63 000a 01F0      		breq .L4
  48:../tmk_core/common/host.c ****     return (*driver->keyboard_leds)();
  64               		.loc 1 48 0
  65 000c 0190      		ld __tmp_reg__,Z+
  66 000e F081      		ld r31,Z
  67 0010 E02D      		mov r30,__tmp_reg__
  68 0012 0994      		ijmp
  69               	.LVL1:
  70               	.L4:
  49:../tmk_core/common/host.c **** }
  71               		.loc 1 49 0
  72 0014 80E0      		ldi r24,0
  73 0016 0895      		ret
  74               		.cfi_endproc
  75               	.LFE102:
  77               		.section	.text.host_keyboard_send,"ax",@progbits
  78               	.global	host_keyboard_send
  80               	host_keyboard_send:
  81               	.LFB103:
  50:../tmk_core/common/host.c **** /* send report */
  51:../tmk_core/common/host.c **** void host_keyboard_send(report_keyboard_t *report)
  52:../tmk_core/common/host.c **** {
  82               		.loc 1 52 0
  83               		.cfi_startproc
  84               	.LVL2:
  85 0000 EF92      		push r14
  86               	.LCFI0:
  87               		.cfi_def_cfa_offset 3
  88               		.cfi_offset 14, -2
  89 0002 FF92      		push r15
  90               	.LCFI1:
  91               		.cfi_def_cfa_offset 4
  92               		.cfi_offset 15, -3
  93 0004 0F93      		push r16
  94               	.LCFI2:
  95               		.cfi_def_cfa_offset 5
  96               		.cfi_offset 16, -4
  97 0006 1F93      		push r17
  98               	.LCFI3:
  99               		.cfi_def_cfa_offset 6
 100               		.cfi_offset 17, -5
 101 0008 CF93      		push r28
 102               	.LCFI4:
 103               		.cfi_def_cfa_offset 7
 104               		.cfi_offset 28, -6
 105 000a DF93      		push r29
 106               	.LCFI5:
 107               		.cfi_def_cfa_offset 8
 108               		.cfi_offset 29, -7
 109               	/* prologue: function */
 110               	/* frame size = 0 */
 111               	/* stack size = 6 */
 112               	.L__stack_usage = 6
  53:../tmk_core/common/host.c ****     if (!driver) return;
 113               		.loc 1 53 0
 114 000c E091 0000 		lds r30,driver
 115 0010 F091 0000 		lds r31,driver+1
 116 0014 3097      		sbiw r30,0
 117 0016 01F0      		breq .L6
 118 0018 8C01      		movw r16,r24
  54:../tmk_core/common/host.c ****     (*driver->send_keyboard)(report);
 119               		.loc 1 54 0
 120 001a 0280      		ldd __tmp_reg__,Z+2
 121 001c F381      		ldd r31,Z+3
 122 001e E02D      		mov r30,__tmp_reg__
 123 0020 0995      		icall
 124               	.LVL3:
  55:../tmk_core/common/host.c **** 
  56:../tmk_core/common/host.c ****     if (debug_keyboard) {
 125               		.loc 1 56 0
 126 0022 8091 0000 		lds r24,debug_config
 127 0026 82FF      		sbrs r24,2
 128 0028 00C0      		rjmp .L6
  57:../tmk_core/common/host.c ****         dprint("keyboard_report: ");
 129               		.loc 1 57 0
 130 002a 80FF      		sbrs r24,0
 131 002c 00C0      		rjmp .L10
 132               		.loc 1 57 0 is_stmt 0 discriminator 1
 133 002e 80E0      		ldi r24,lo8(__c.4439)
 134 0030 90E0      		ldi r25,hi8(__c.4439)
 135 0032 0E94 0000 		call xputs
 136               	.LVL4:
 137               	.L10:
 138 0036 E801      		movw r28,r16
  52:../tmk_core/common/host.c ****     if (!driver) return;
 139               		.loc 1 52 0 is_stmt 1 discriminator 1
 140 0038 10E1      		ldi r17,lo8(16)
 141               	.LBB2:
  58:../tmk_core/common/host.c ****         for (uint8_t i = 0; i < KEYBOARD_REPORT_SIZE; i++) {
  59:../tmk_core/common/host.c ****             dprintf("%02X ", report->raw[i]);
 142               		.loc 1 59 0 discriminator 1
 143 003a 80E0      		ldi r24,lo8(__c.4442)
 144 003c E82E      		mov r14,r24
 145 003e 80E0      		ldi r24,hi8(__c.4442)
 146 0040 F82E      		mov r15,r24
 147               	.LVL5:
 148               	.L12:
 149               		.loc 1 59 0 is_stmt 0
 150 0042 8091 0000 		lds r24,debug_config
 151 0046 80FF      		sbrs r24,0
 152 0048 00C0      		rjmp .L11
 153               		.loc 1 59 0 discriminator 1
 154 004a 8881      		ld r24,Y
 155 004c 1F92      		push __zero_reg__
 156               	.LCFI6:
 157               		.cfi_def_cfa_offset 9
 158 004e 8F93      		push r24
 159               	.LCFI7:
 160               		.cfi_def_cfa_offset 10
 161 0050 FF92      		push r15
 162               	.LCFI8:
 163               		.cfi_def_cfa_offset 11
 164 0052 EF92      		push r14
 165               	.LCFI9:
 166               		.cfi_def_cfa_offset 12
 167 0054 0E94 0000 		call __xprintf
 168               	.LVL6:
 169 0058 0F90      		pop __tmp_reg__
 170 005a 0F90      		pop __tmp_reg__
 171 005c 0F90      		pop __tmp_reg__
 172 005e 0F90      		pop __tmp_reg__
 173               	.LCFI10:
 174               		.cfi_def_cfa_offset 8
 175               	.L11:
 176               	.LVL7:
 177 0060 1150      		subi r17,lo8(-(-1))
 178 0062 2196      		adiw r28,1
 179               	.LVL8:
  58:../tmk_core/common/host.c ****         for (uint8_t i = 0; i < KEYBOARD_REPORT_SIZE; i++) {
 180               		.loc 1 58 0 is_stmt 1 discriminator 2
 181 0064 1111      		cpse r17,__zero_reg__
 182 0066 00C0      		rjmp .L12
 183               	.LBE2:
  60:../tmk_core/common/host.c ****         }
  61:../tmk_core/common/host.c ****         dprint("\n");
 184               		.loc 1 61 0
 185 0068 8091 0000 		lds r24,debug_config
 186 006c 80FF      		sbrs r24,0
 187 006e 00C0      		rjmp .L6
 188               		.loc 1 61 0 is_stmt 0 discriminator 1
 189 0070 80E0      		ldi r24,lo8(__c.4447)
 190 0072 90E0      		ldi r25,hi8(__c.4447)
 191               	/* epilogue start */
  62:../tmk_core/common/host.c ****     }
  63:../tmk_core/common/host.c **** }
 192               		.loc 1 63 0 is_stmt 1 discriminator 1
 193 0074 DF91      		pop r29
 194 0076 CF91      		pop r28
 195               	.LVL9:
 196 0078 1F91      		pop r17
 197 007a 0F91      		pop r16
 198               	.LVL10:
 199 007c FF90      		pop r15
 200 007e EF90      		pop r14
  61:../tmk_core/common/host.c ****     }
 201               		.loc 1 61 0 discriminator 1
 202 0080 0C94 0000 		jmp xputs
 203               	.LVL11:
 204               	.L6:
 205               	/* epilogue start */
 206               		.loc 1 63 0
 207 0084 DF91      		pop r29
 208 0086 CF91      		pop r28
 209 0088 1F91      		pop r17
 210 008a 0F91      		pop r16
 211 008c FF90      		pop r15
 212 008e EF90      		pop r14
 213 0090 0895      		ret
 214               		.cfi_endproc
 215               	.LFE103:
 217               		.section	.text.host_mouse_send,"ax",@progbits
 218               	.global	host_mouse_send
 220               	host_mouse_send:
 221               	.LFB104:
  64:../tmk_core/common/host.c **** 
  65:../tmk_core/common/host.c **** void host_mouse_send(report_mouse_t *report)
  66:../tmk_core/common/host.c **** {
 222               		.loc 1 66 0
 223               		.cfi_startproc
 224               	.LVL12:
 225               	/* prologue: function */
 226               	/* frame size = 0 */
 227               	/* stack size = 0 */
 228               	.L__stack_usage = 0
  67:../tmk_core/common/host.c ****     if (!driver) return;
 229               		.loc 1 67 0
 230 0000 E091 0000 		lds r30,driver
 231 0004 F091 0000 		lds r31,driver+1
 232 0008 3097      		sbiw r30,0
 233 000a 01F0      		breq .L26
  68:../tmk_core/common/host.c ****     (*driver->send_mouse)(report);
 234               		.loc 1 68 0
 235 000c 0480      		ldd __tmp_reg__,Z+4
 236 000e F581      		ldd r31,Z+5
 237 0010 E02D      		mov r30,__tmp_reg__
 238 0012 0994      		ijmp
 239               	.LVL13:
 240               	.L26:
 241 0014 0895      		ret
 242               		.cfi_endproc
 243               	.LFE104:
 245               		.section	.text.host_system_send,"ax",@progbits
 246               	.global	host_system_send
 248               	host_system_send:
 249               	.LFB105:
  69:../tmk_core/common/host.c **** }
  70:../tmk_core/common/host.c **** 
  71:../tmk_core/common/host.c **** void host_system_send(uint16_t report)
  72:../tmk_core/common/host.c **** {
 250               		.loc 1 72 0
 251               		.cfi_startproc
 252               	.LVL14:
 253               	/* prologue: function */
 254               	/* frame size = 0 */
 255               	/* stack size = 0 */
 256               	.L__stack_usage = 0
  73:../tmk_core/common/host.c ****     if (report == last_system_report) return;
 257               		.loc 1 73 0
 258 0000 2091 0000 		lds r18,last_system_report
 259 0004 3091 0000 		lds r19,last_system_report+1
 260 0008 8217      		cp r24,r18
 261 000a 9307      		cpc r25,r19
 262 000c 01F0      		breq .L28
  74:../tmk_core/common/host.c ****     last_system_report = report;
 263               		.loc 1 74 0
 264 000e 9093 0000 		sts last_system_report+1,r25
 265 0012 8093 0000 		sts last_system_report,r24
  75:../tmk_core/common/host.c **** 
  76:../tmk_core/common/host.c ****     if (!driver) return;
 266               		.loc 1 76 0
 267 0016 E091 0000 		lds r30,driver
 268 001a F091 0000 		lds r31,driver+1
 269 001e 3097      		sbiw r30,0
 270 0020 01F0      		breq .L28
  77:../tmk_core/common/host.c ****     (*driver->send_system)(report);
 271               		.loc 1 77 0
 272 0022 0680      		ldd __tmp_reg__,Z+6
 273 0024 F781      		ldd r31,Z+7
 274 0026 E02D      		mov r30,__tmp_reg__
 275 0028 0994      		ijmp
 276               	.LVL15:
 277               	.L28:
 278 002a 0895      		ret
 279               		.cfi_endproc
 280               	.LFE105:
 282               		.section	.text.host_consumer_send,"ax",@progbits
 283               	.global	host_consumer_send
 285               	host_consumer_send:
 286               	.LFB106:
  78:../tmk_core/common/host.c **** }
  79:../tmk_core/common/host.c **** 
  80:../tmk_core/common/host.c **** void host_consumer_send(uint16_t report)
  81:../tmk_core/common/host.c **** {
 287               		.loc 1 81 0
 288               		.cfi_startproc
 289               	.LVL16:
 290               	/* prologue: function */
 291               	/* frame size = 0 */
 292               	/* stack size = 0 */
 293               	.L__stack_usage = 0
  82:../tmk_core/common/host.c ****     if (report == last_consumer_report) return;
 294               		.loc 1 82 0
 295 0000 2091 0000 		lds r18,last_consumer_report
 296 0004 3091 0000 		lds r19,last_consumer_report+1
 297 0008 8217      		cp r24,r18
 298 000a 9307      		cpc r25,r19
 299 000c 01F0      		breq .L35
  83:../tmk_core/common/host.c ****     last_consumer_report = report;
 300               		.loc 1 83 0
 301 000e 9093 0000 		sts last_consumer_report+1,r25
 302 0012 8093 0000 		sts last_consumer_report,r24
  84:../tmk_core/common/host.c **** 
  85:../tmk_core/common/host.c ****     if (!driver) return;
 303               		.loc 1 85 0
 304 0016 E091 0000 		lds r30,driver
 305 001a F091 0000 		lds r31,driver+1
 306 001e 3097      		sbiw r30,0
 307 0020 01F0      		breq .L35
  86:../tmk_core/common/host.c ****     (*driver->send_consumer)(report);
 308               		.loc 1 86 0
 309 0022 0084      		ldd __tmp_reg__,Z+8
 310 0024 F185      		ldd r31,Z+9
 311 0026 E02D      		mov r30,__tmp_reg__
 312 0028 0994      		ijmp
 313               	.LVL17:
 314               	.L35:
 315 002a 0895      		ret
 316               		.cfi_endproc
 317               	.LFE106:
 319               		.section	.text.host_last_sysytem_report,"ax",@progbits
 320               	.global	host_last_sysytem_report
 322               	host_last_sysytem_report:
 323               	.LFB107:
  87:../tmk_core/common/host.c **** }
  88:../tmk_core/common/host.c **** 
  89:../tmk_core/common/host.c **** uint16_t host_last_sysytem_report(void)
  90:../tmk_core/common/host.c **** {
 324               		.loc 1 90 0
 325               		.cfi_startproc
 326               	/* prologue: function */
 327               	/* frame size = 0 */
 328               	/* stack size = 0 */
 329               	.L__stack_usage = 0
  91:../tmk_core/common/host.c ****     return last_system_report;
  92:../tmk_core/common/host.c **** }
 330               		.loc 1 92 0
 331 0000 8091 0000 		lds r24,last_system_report
 332 0004 9091 0000 		lds r25,last_system_report+1
 333 0008 0895      		ret
 334               		.cfi_endproc
 335               	.LFE107:
 337               		.section	.text.host_last_consumer_report,"ax",@progbits
 338               	.global	host_last_consumer_report
 340               	host_last_consumer_report:
 341               	.LFB108:
  93:../tmk_core/common/host.c **** 
  94:../tmk_core/common/host.c **** uint16_t host_last_consumer_report(void)
  95:../tmk_core/common/host.c **** {
 342               		.loc 1 95 0
 343               		.cfi_startproc
 344               	/* prologue: function */
 345               	/* frame size = 0 */
 346               	/* stack size = 0 */
 347               	.L__stack_usage = 0
  96:../tmk_core/common/host.c ****     return last_consumer_report;
  97:../tmk_core/common/host.c **** }
 348               		.loc 1 97 0
 349 0000 8091 0000 		lds r24,last_consumer_report
 350 0004 9091 0000 		lds r25,last_consumer_report+1
 351 0008 0895      		ret
 352               		.cfi_endproc
 353               	.LFE108:
 355               		.section	.progmem.data.__c.4447,"a",@progbits
 358               	__c.4447:
 359 0000 0A00      		.string	"\n"
 360               		.section	.progmem.data.__c.4442,"a",@progbits
 363               	__c.4442:
 364 0000 2530 3258 		.string	"%02X "
 364      2000 
 365               		.section	.progmem.data.__c.4439,"a",@progbits
 368               	__c.4439:
 369 0000 6B65 7962 		.string	"keyboard_report: "
 369      6F61 7264 
 369      5F72 6570 
 369      6F72 743A 
 369      2000 
 370               		.section	.bss.last_consumer_report,"aw",@nobits
 373               	last_consumer_report:
 374 0000 0000      		.zero	2
 375               		.section	.bss.last_system_report,"aw",@nobits
 378               	last_system_report:
 379 0000 0000      		.zero	2
 380               		.section	.bss.driver,"aw",@nobits
 383               	driver:
 384 0000 0000      		.zero	2
 385               	.global	keyboard_nkro
 386               		.section	.data.keyboard_nkro,"aw",@progbits
 389               	keyboard_nkro:
 390 0000 01        		.byte	1
 391               		.text
 392               	.Letext0:
 393               		.file 2 "/usr/lib/avr/include/stdint.h"
 394               		.file 3 "../tmk_core/common/report.h"
 395               		.file 4 "../tmk_core/common/host_driver.h"
 396               		.file 5 "../tmk_core/common/debug.h"
 397               		.file 6 "../tmk_core/protocol/lufa/LUFA-git/LUFA/Drivers/USB/Core/USBTask.h"
 398               		.file 7 "../tmk_core/common/avr/xprintf.h"
DEFINED SYMBOLS
                            *ABS*:0000000000000000 host.c
     /tmp/ccxHO7eG.s:2      *ABS*:000000000000003e __SP_H__
     /tmp/ccxHO7eG.s:3      *ABS*:000000000000003d __SP_L__
     /tmp/ccxHO7eG.s:4      *ABS*:000000000000003f __SREG__
     /tmp/ccxHO7eG.s:5      *ABS*:0000000000000000 __tmp_reg__
     /tmp/ccxHO7eG.s:6      *ABS*:0000000000000001 __zero_reg__
     /tmp/ccxHO7eG.s:13     .text.host_set_driver:0000000000000000 host_set_driver
     /tmp/ccxHO7eG.s:383    .bss.driver:0000000000000000 driver
     /tmp/ccxHO7eG.s:33     .text.host_get_driver:0000000000000000 host_get_driver
     /tmp/ccxHO7eG.s:51     .text.host_keyboard_leds:0000000000000000 host_keyboard_leds
     /tmp/ccxHO7eG.s:80     .text.host_keyboard_send:0000000000000000 host_keyboard_send
     /tmp/ccxHO7eG.s:368    .progmem.data.__c.4439:0000000000000000 __c.4439
     /tmp/ccxHO7eG.s:363    .progmem.data.__c.4442:0000000000000000 __c.4442
     /tmp/ccxHO7eG.s:358    .progmem.data.__c.4447:0000000000000000 __c.4447
     /tmp/ccxHO7eG.s:220    .text.host_mouse_send:0000000000000000 host_mouse_send
     /tmp/ccxHO7eG.s:248    .text.host_system_send:0000000000000000 host_system_send
     /tmp/ccxHO7eG.s:378    .bss.last_system_report:0000000000000000 last_system_report
     /tmp/ccxHO7eG.s:285    .text.host_consumer_send:0000000000000000 host_consumer_send
     /tmp/ccxHO7eG.s:373    .bss.last_consumer_report:0000000000000000 last_consumer_report
     /tmp/ccxHO7eG.s:322    .text.host_last_sysytem_report:0000000000000000 host_last_sysytem_report
     /tmp/ccxHO7eG.s:340    .text.host_last_consumer_report:0000000000000000 host_last_consumer_report
     /tmp/ccxHO7eG.s:389    .data.keyboard_nkro:0000000000000000 keyboard_nkro

UNDEFINED SYMBOLS
debug_config
xputs
__xprintf
__do_copy_data
__do_clear_bss
